[tool] read_file({"path": "/Users/justin/Code/Project-V/Video-Story1/research/draw_things_cli_help.txt"})
[tool] web_search({"query": "Z-Image LoRA training ai-toolkit ostris"})
[tool] web_search({"query": "DiffSynth Z-Image LoRA training"})
[tool] grep({"pattern": "rank|learning|scale|batch|epoch|resolution|width|height|caption", "path": "/Users/justin/Code/Project-V/Vid)
[tool] web_search({"query": "Z-Image-Turbo LoRA training musubi-tuner"})
[tool] web_search({"query": "Z-Image character LoRA training steps rank learning rate"})
[tool] read_file({"path": "/Users/justin/Code/Project-V/Video-Story1/research/draw_things_cli_help.txt"})
[tool] fetch_page({"url": "https://raw.githubusercontent.com/AscalonSolutions/ai-toolkit-xpu-battlemage-zimage/main/README.md"})
[tool] fetch_page({"url": "https://raw.githubusercontent.com/afloy011-spec/lora-dataset-prep/main/README.md"})
[tool] run_shell({"command": "sed -n '175,215p' /Users/justin/Code/Project-V/Video-Story1/research/draw_things_cli_help.txt"})
[tool] fetch_page({"url": "https://raw.githubusercontent.com/afloy011-spec/lora-dataset-prep/main/reference.md"})
[tool] web_search({"query": "Z-Image-Turbo character LoRA HuggingFace"})
[tool] fetch_page({"url": "https://raw.githubusercontent.com/ostris/ai-toolkit/main/configs/zimage_lora.yaml"})
[tool] web_search({"query": "Z-Image Turbo LoRA rank 16 learning rate 1e-4 config"})
[tool] web_search({"query": "multiple LoRAs two characters same image ai-toolkit weights"})
[tool] fetch_page({"url": "https://raw.githubusercontent.com/pcwynne/ai-toolkit-xpu-battlemage-zimage/main/config/xpu_examples/zimage_turb)
[tool] fetch_page({"url": "https://huggingface.co/Tongyi-MAI/Z-Image-Turbo"})
[tool] web_search({"query": "ai-toolkit zimage lora config learning_rate rank"})
[tool] fetch_page({"url": "https://raw.githubusercontent.com/pcwynne/ai-toolkit-xpu-battlemage-zimage/main/README.md"})
[tool] web_search({"query": "two LoRAs stack ComfyUI characters same image weights"})
[tool] web_search({"query": "ComfyUI stack LoRAs multiple characters two weights strength"})
[tool] web_search({"query": "consistent character LoRA same seed img2img strength tips"})
[tool] write_file({"path": "/Users/justin/Code/Project-V/Video-Story1/research/zimage_character_lora_research.md", "content": "# Keeping 4)
