[tool] web_search({"query": "Lightricks LTX-2"})
[tool] web_search({"query": "LTX-2.3"})
[tool] fetch_page({"url": "https://huggingface.co/Lightricks/LTX-2.3"})
[tool] fetch_page({"url": "https://raw.githubusercontent.com/Lightricks/LTX-Video/main/README.md"})
[tool] fetch_page({"url": "https://docs.ltx.video/prompts"})
[tool] fetch_page({"url": "https://raw.githubusercontent.com/Lightricks/LTX-2/main/README.md"})
[tool] web_search({"query": "LTX prompting guide"})
[tool] fetch_page({"url": "https://raw.githubusercontent.com/Lightricks/LTX-Video/main/docs/prompt_guide.md"})
[tool] fetch_page({"url": "https://raw.githubusercontent.com/Lightricks/LTX-Video/main/docs/prompting-guide.md"})
[tool] fetch_page({"url": "https://docs.ltx.video/prompting"})
[tool] fetch_page({"url": "https://raw.githubusercontent.com/Lightricks/LTX-Video/main/docs/04_prompting.md"})
[tool] fetch_page({"url": "https://docs.ltx.video"})
[tool] fetch_page({"url": "https://docs.ltx.video/prompting-guide.md"})
[tool] fetch_page({"url": "https://docs.ltx.io/api-documentation/implementation-guides/prompting-guide.md"})
[tool] fetch_page({"url": "https://raw.githubusercontent.com/fountainbird/awesome-ltx2/main/README.md"})
[tool] web_search({"query": "LTX-2.3 watercolor image to video"})
[tool] fetch_page({"url": "https://docs.ltx.io/open-source-model/usage-guides.md"})
[tool] fetch_page({"url": "https://raw.githubusercontent.com/fountainbird/awesome-ltx2/master/README.md"})
[tool] fetch_page({"url": "https://docs.ltx.io/open-source-model/usage-guides/image-to-video.md"})
[tool] web_search({"query": "LTX-2.3 best settings distilled i2v"})
[tool] web_search({"query": "LTX-2.3 tips stable faces painterly"})
[tool] fetch_page({"url": "https://huggingface.co/Lightricks/LTX-2.3-fp8"})
[tool] fetch_page({"url": "https://raw.githubusercontent.com/Lightricks/ComfyUI-LTXVideo/master/README.md"})
[tool] web_search({"query": "\"LTX-2\" distilled \"steps\" \"CFG\" image-to-video workflow"})
[tool] fetch_page({"url": "https://raw.githubusercontent.com/Lightricks/ComfyUI-LTXVideo/master/example_workflows/2.3/LTX-2.3_T2V_I2V_Two_)
[tool] run_shell({"command": "curl -s https://raw.githubusercontent.com/Lightricks/ComfyUI-LTXVideo/master/example_workflows/2.3/LTX-2.3_)
